CREATE EXTENSION plv8;
CREATE EXTENSION jsonpath;
SELECT jsonPath('{"x": {"a":1, "b":2}}'::json, '$.x.[a,b]');
 jsonpath 
----------
 {1,2}
(1 row)

SELECT jsonPath('{"x": {"a":1, "b":2}}'::json, '$.x.[a,b]', '{"resultType":"PATH"}'::json);
         jsonpath          
---------------------------
 {$['x']['a'],$['x']['b']}
(1 row)

